\BOOKMARK [1][-]{section.1}{\376\377\000I\000n\000t\000r\000o\000d\000u\000c\000t\000i\000o\000n}{}% 1
\BOOKMARK [1][-]{section.2}{\376\377\000S\000e\000t\000t\000i\000n\000g}{}% 2
\BOOKMARK [1][-]{section.3}{\376\377\000T\000h\000e\000\040\000w\000a\000r\000p\000\040\000e\000v\000e\000n\000t}{}% 3
\BOOKMARK [1][-]{section.4}{\376\377\000D\000i\000r\000e\000c\000t\000\040\000a\000n\000d\000\040\000d\000o\000w\000n\000s\000t\000r\000e\000a\000m\000\040\000e\000f\000f\000e\000c\000t\000s\000\040\000o\000f\000\040\000f\000o\000r\000e\000i\000g\000n\000\040\000e\000v\000i\000d\000e\000n\000c\000e}{}% 4
\BOOKMARK [2][-]{subsection.4.1}{\376\377\000D\000o\000w\000n\000s\000t\000r\000e\000a\000m\000\040\000t\000r\000a\000n\000s\000p\000o\000r\000t\000\040\000t\000h\000r\000o\000u\000g\000h\000\040\000l\000o\000c\000k\000\040\000c\000h\000a\000i\000n\000s}{section.4}% 5
\BOOKMARK [2][-]{subsection.4.2}{\376\377\000C\000o\000u\000n\000t\000e\000r\000f\000a\000c\000t\000u\000a\000l\000\040\000w\000a\000r\000p\000\040\000g\000a\000i\000n}{section.4}% 6
\BOOKMARK [1][-]{section.5}{\376\377\000T\000h\000e\000\040\000w\000a\000r\000p\000\040\000a\000d\000m\000i\000s\000s\000i\000b\000i\000l\000i\000t\000y\000\040\000b\000o\000u\000n\000d\000a\000r\000y}{}% 7
\BOOKMARK [1][-]{section.6}{\376\377\000T\000h\000e\000\040\000W\000a\000r\000p\000\040\000D\000r\000i\000v\000e\000\040\000p\000r\000o\000t\000o\000c\000o\000l}{}% 8
\BOOKMARK [1][-]{section.7}{\376\377\000C\000r\000o\000s\000s\000-\000s\000e\000s\000s\000i\000o\000n\000\040\000w\000a\000r\000p\000\040\000o\000n\000\040\000a\000n\000\040\000L\000L\000M\000\040\000s\000u\000b\000s\000t\000r\000a\000t\000e}{}% 9
\BOOKMARK [1][-]{section.8}{\376\377\000F\000r\000o\000m\000\040\000t\000a\000r\000g\000e\000t\000\040\000c\000o\000m\000m\000i\000t\000m\000e\000n\000t\000s\000\040\000t\000o\000\040\000r\000e\000l\000a\000t\000i\000o\000n\000a\000l\000\040\000r\000o\000u\000t\000e\000s}{}% 10
\BOOKMARK [1][-]{section.9}{\376\377\000R\000o\000u\000t\000e\000s\000\040\000a\000n\000d\000\040\000m\000e\000a\000n\000i\000n\000g\000-\000b\000a\000s\000e\000d\000\040\000i\000d\000e\000n\000t\000i\000t\000y\000:\000\040\000t\000h\000e\000\040\000t\000r\000a\000n\000s\000f\000e\000r\000a\000b\000l\000e\000\040\000u\000n\000i\000t}{}% 11
\BOOKMARK [2][-]{subsection.9.1}{\376\377\000F\000r\000o\000m\000\040\000t\000a\000r\000g\000e\000t\000\040\000r\000e\000c\000o\000r\000d\000s\000\040\000t\000o\000\040\000e\000x\000e\000c\000u\000t\000a\000b\000l\000e\000\040\000r\000o\000u\000t\000e\000s}{section.9}% 12
\BOOKMARK [1][-]{section.10}{\376\377\000R\000o\000u\000t\000e\000-\000t\000r\000a\000n\000s\000f\000e\000r\000\040\000s\000e\000t\000t\000i\000n\000g}{}% 13
\BOOKMARK [1][-]{section.11}{\376\377\000R\000o\000u\000t\000e\000-\000l\000e\000v\000e\000l\000\040\000t\000r\000a\000n\000s\000f\000e\000r}{}% 14
\BOOKMARK [2][-]{subsection.11.1}{\376\377\000P\000e\000r\000f\000o\000r\000m\000a\000n\000c\000e\000\040\000t\000r\000a\000n\000s\000i\000t\000i\000o\000n\000\040\000u\000n\000d\000e\000r\000\040\000r\000o\000u\000t\000e\000\040\000t\000r\000a\000n\000s\000f\000e\000r}{section.11}% 15
\BOOKMARK [1][-]{section.12}{\376\377\000T\000h\000e\000\040\000r\000u\000p\000t\000u\000r\000e\000\040\000b\000o\000u\000n\000d\000a\000r\000y\000:\000\040\000e\000d\000g\000e\000-\000w\000i\000s\000e\000\040\000r\000o\000u\000t\000e\000\040\000v\000a\000l\000i\000d\000i\000t\000y}{}% 16
\BOOKMARK [1][-]{section.13}{\376\377\000H\000a\000z\000a\000r\000d\000\040\000p\000r\000e\000s\000e\000r\000v\000a\000t\000i\000o\000n\000\040\000a\000l\000o\000n\000g\000\040\000t\000h\000e\000\040\000v\000a\000l\000i\000d\000\040\000r\000o\000u\000t\000e\000\040\000p\000r\000e\000f\000i\000x}{}% 17
\BOOKMARK [1][-]{section.14}{\376\377\000M\000e\000a\000n\000i\000n\000g\000-\000b\000a\000s\000e\000d\000\040\000p\000l\000a\000c\000e\000\040\000c\000o\000r\000r\000e\000s\000p\000o\000n\000d\000e\000n\000c\000e}{}% 18
\BOOKMARK [2][-]{subsection.14.1}{\376\377\000I\000n\000t\000e\000g\000r\000a\000t\000e\000d\000\040\000c\000o\000r\000r\000e\000s\000p\000o\000n\000d\000e\000n\000c\000e\000\040\000a\000n\000d\000\040\000r\000o\000u\000t\000e\000-\000t\000r\000a\000n\000s\000f\000e\000r\000\040\000s\000t\000a\000c\000k}{section.14}% 19
\BOOKMARK [2][-]{subsection.14.2}{\376\377\000C\000a\000u\000s\000a\000l\000\040\000c\000o\000n\000t\000r\000i\000b\000u\000t\000i\000o\000n\000\040\000o\000f\000\040\000t\000h\000e\000\040\000l\000a\000n\000d\000m\000a\000r\000k\000\040\000v\000o\000c\000a\000b\000u\000l\000a\000r\000y}{section.14}% 20
\BOOKMARK [2][-]{subsection.14.3}{\376\377\000F\000u\000n\000c\000t\000i\000o\000n\000a\000l\000\040\000d\000e\000c\000o\000m\000p\000o\000s\000i\000t\000i\000o\000n\000\040\000o\000f\000\040\000t\000h\000e\000\040\000r\000o\000u\000t\000e\000\040\000r\000e\000p\000r\000e\000s\000e\000n\000t\000a\000t\000i\000o\000n}{section.14}% 21
\BOOKMARK [1][-]{section.15}{\376\377\000R\000e\000l\000a\000t\000e\000d\000\040\000w\000o\000r\000k}{}% 22
\BOOKMARK [1][-]{section.16}{\376\377\000L\000i\000m\000i\000t\000a\000t\000i\000o\000n\000s}{}% 23
\BOOKMARK [1][-]{section.17}{\376\377\000C\000o\000n\000c\000l\000u\000s\000i\000o\000n}{}% 24
\BOOKMARK [1][-]{appendix.A}{\376\377\000D\000e\000v\000i\000a\000t\000i\000o\000n\000s\000\040\000f\000r\000o\000m\000\040\000t\000h\000e\000\040\000p\000r\000e\000-\000r\000e\000g\000i\000s\000t\000e\000r\000e\000d\000\040\000d\000e\000s\000i\000g\000n}{}% 25
\BOOKMARK [1][-]{appendix.B}{\376\377\000R\000e\000p\000r\000o\000d\000u\000c\000i\000b\000i\000l\000i\000t\000y}{}% 26
\BOOKMARK [1][-]{appendix.C}{\376\377\000F\000u\000l\000l\000\040\000c\000o\000u\000n\000t\000e\000r\000f\000a\000c\000t\000u\000a\000l\000\040\000s\000i\000g\000n\000\040\000m\000a\000p}{}% 27
\BOOKMARK [1][-]{appendix.D}{\376\377\000R\000e\000g\000i\000s\000t\000e\000r\000e\000d\000\040\000p\000r\000e\000d\000i\000c\000t\000i\000o\000n\000s\000\040\000a\000n\000d\000\040\000r\000e\000v\000i\000s\000i\000o\000n\000s}{}% 28
